
<!Doctype html>
<head>
    <title>Super Blog</title>
    <meta charset="utf-8"/>
    <meta name="description" content="WOW"/>
</head>
<body>
    <nav role="navigation">
        <div>
            <h1>Blog</h1>
            <ul>
                <li><a href="/">Home</a></li>
                <li><a href="about">about</a></li>
            <li><a href="archive">archive</a></li>
        </ul>
    </div>
</nav>
<main>


<h1>Hello</h1>
<p>Description</p>
Tags: <ul><li>one</li><li>blog</li></ul>


</main>
<footer>
    <ul>
        <li><a href="https://twitter.com/quii">Twitter</a></li>
        <li><a href="https://github.com/quii">GitHub</a></li>
    </ul>
</footer>
</body>
</html>
